******************************************************************************
                  MSP430 Linker PC v4.0.0                      
******************************************************************************
>> Linked Fri Dec 09 15:59:50 2011

OUTPUT FILE NAME:   <TXRXLPF1.out>
ENTRY POINT SYMBOL: "_c_int00"  address: 00002344


MEMORY CONFIGURATION

         name            origin    length      used     unused   attr    fill
----------------------  --------  ---------  --------  --------  ----  --------
  SFR                   00000000   00000010  00000000  00000010  RWIX
  PERIPHERALS_8BIT      00000010   000000f0  00000000  000000f0  RWIX
  PERIPHERALS_16BIT     00000100   00000100  00000000  00000100  RWIX
  INFOB                 00001000   00000080  00000000  00000080  RWIX
  INFOA                 00001080   00000080  00000000  00000080  RWIX
  RAM                   00001100   00001000  000009b0  00000650  RWIX
  FLASH                 00002100   0000dec0  00000f99  0000cf27  RWIX
  INT00                 0000ffc0   00000002  00000000  00000002  RWIX
  INT01                 0000ffc2   00000002  00000000  00000002  RWIX
  INT02                 0000ffc4   00000002  00000000  00000002  RWIX
  INT03                 0000ffc6   00000002  00000000  00000002  RWIX
  INT04                 0000ffc8   00000002  00000000  00000002  RWIX
  INT05                 0000ffca   00000002  00000000  00000002  RWIX
  INT06                 0000ffcc   00000002  00000000  00000002  RWIX
  INT07                 0000ffce   00000002  00000000  00000002  RWIX
  INT08                 0000ffd0   00000002  00000000  00000002  RWIX
  INT09                 0000ffd2   00000002  00000000  00000002  RWIX
  INT10                 0000ffd4   00000002  00000000  00000002  RWIX
  INT11                 0000ffd6   00000002  00000000  00000002  RWIX
  INT12                 0000ffd8   00000002  00000000  00000002  RWIX
  INT13                 0000ffda   00000002  00000000  00000002  RWIX
  INT14                 0000ffdc   00000002  00000000  00000002  RWIX
  INT15                 0000ffde   00000002  00000000  00000002  RWIX
  INT16                 0000ffe0   00000002  00000002  00000000  RWIX
  INT17                 0000ffe2   00000002  00000002  00000000  RWIX
  INT18                 0000ffe4   00000002  00000000  00000002  RWIX
  INT19                 0000ffe6   00000002  00000000  00000002  RWIX
  INT20                 0000ffe8   00000002  00000002  00000000  RWIX
  INT21                 0000ffea   00000002  00000000  00000002  RWIX
  INT22                 0000ffec   00000002  00000000  00000002  RWIX
  INT23                 0000ffee   00000002  00000000  00000002  RWIX
  INT24                 0000fff0   00000002  00000000  00000002  RWIX
  INT25                 0000fff2   00000002  00000002  00000000  RWIX
  INT26                 0000fff4   00000002  00000000  00000002  RWIX
  INT27                 0000fff6   00000002  00000000  00000002  RWIX
  INT28                 0000fff8   00000002  00000000  00000002  RWIX
  INT29                 0000fffa   00000002  00000000  00000002  RWIX
  INT30                 0000fffc   00000002  00000000  00000002  RWIX
  RESET                 0000fffe   00000002  00000002  00000000  RWIX
  FLASH2                00010000   00009000  00000000  00009000  RWIX


SECTION ALLOCATION MAP

 output                                  attributes/
section   page    origin      length       input sections
--------  ----  ----------  ----------   ----------------
.pinit     0    00002100    00000000     UNINITIALIZED

.bss       0    00001100    00000960     UNINITIALIZED
                  00001100    0000084a     main.obj (.bss)
                  0000194a    000000f2     telitcomm.obj (.bss)
                  00001a3c    0000000c     mma8451q.obj (.bss)
                  00001a48    00000008     defaultprocessor.obj (.bss)
                  00001a50    00000008     rts430x.lib : _lock.obj (.bss)
                  00001a58    00000008                 : boot.obj (.bss)

.stack     0    000020b0    00000050     UNINITIALIZED
                  000020b0    00000002     rts430x.lib : boot.obj (.stack)
                  000020b2    0000004e     --HOLE--

.cinit     0    00002100    00000186     
                  00002100    00000136     telitcomm.obj (.cinit)
                  00002236    00000024     mma8451q.obj (.cinit)
                  0000225a    0000001e     main.obj (.cinit)
                  00002278    0000000c     defaultprocessor.obj (.cinit)
                  00002284    00000002     --HOLE-- [fill = 0]

.text:_isr 
*          0    00002286    00000108     
                  00002286    00000042     main.obj (.text:_isr:basic_timer)
                  000022c8    0000003e     main.obj (.text:_isr:Port_1)
                  00002306    0000003e     main.obj (.text:_isr:Port_2)
                  00002344    0000002a     rts430x.lib : boot.obj (.text:_isr:_c_int00_noexit)
                  0000236e    00000020     telitcomm.obj (.text:_isr:USCIA0RX_ISR)

.text      0    0000238e    00000b94     
                  0000238e    0000010a     rts430x.lib : _printfi_min.obj (.text:_setfield)
                  00002498    000000c0                 : _printfi_min.obj (.text:_printfi_minimal)
                  00002558    0000009e     telitcomm.obj (.text:sendData)
                  000025f6    00000080     main.obj (.text:attachInterrupt)
                  00002676    00000080     mma8451q.obj (.text:executeMMA8451Q)
                  000026f6    00000062     mma8451q.obj (.text:initMMA8451Q)
                  00002758    00000058     telitcomm.obj (.text:do_open)
                  000027b0    00000056     telitcomm.obj (.text:sendCmd)
                  00002806    00000052     rts430x.lib : _printfi_min.obj (.text:_ltostr)
                  00002858    00000048     txrxlpfi2c.obj (.text:readI2C)
                  000028a0    00000046     rts430x.lib : autoinit.obj (.text:_auto_init)
                  000028e6    00000042     telitcomm.obj (.text:do_close)
                  00002928    00000040     rts430x.lib : _printfi_min.obj (.text:_pproc_str)
                  00002968    00000040     telitcomm.obj (.text:getResponse)
                  000029a8    00000040     txrxlpfi2c.obj (.text:writeI2C)
                  000029e8    0000003e     telitcomm.obj (.text:ackSGACT)
                  00002a26    0000003e     telitcomm.obj (.text:do_reset)
                  00002a64    0000003c     mma8451q.obj (.text:beginMMA8451Q)
                  00002aa0    00000038     main.obj (.text:initialize)
                  00002ad8    00000038     rts430x.lib : sprintf.obj (.text:sprintf)
                  00002b10    00000036     main.obj (.text:getBuffer)
                  00002b46    00000036     defaultprocessor.obj (.text:mma8451qProc)
                  00002b7c    00000034     main.obj (.text:detachInterrupt)
                  00002bb0    00000034     main.obj (.text:executeProcs)
                  00002be4    00000030     telitcomm.obj (.text:gprsSend)
                  00002c14    0000002e     rts430x.lib : _printfi_min.obj (.text:_getarg_diouxp)
                  00002c42    0000002c                 : _printfi_min.obj (.text:_pproc_diouxp)
                  00002c6e    0000002a     telitcomm.obj (.text:do_init)
                  00002c98    00000028     txrxlpfi2c.obj (.text:enableI2C)
                  00002cc0    00000028     rts430x.lib : memccpy.obj (.text:memccpy)
                  00002ce8    00000026     telitcomm.obj (.text:getRXBufferChar)
                  00002d0e    00000020     telitcomm.obj (.text:ackSend)
                  00002d2e    00000020     main.obj (.text:flushTransmission)
                  00002d4e    0000001c     main.obj (.text:logError)
                  00002d6a    0000001a     rts430x.lib : _printfi_min.obj (.text:_div)
                  00002d84    0000001a     telitcomm.obj (.text:gprsClose)
                  00002d9e    00000018     rts430x.lib : sprintf.obj (.text:_outs)
                  00002db6    00000018     main.obj (.text:process_state)
                  00002dce    00000016     main.obj (.text:main)
                  00002de4    00000016     telitcomm.obj (.text:memcmp)
                  00002dfa    00000016     rts430x.lib : div16u.obj (.text)
                  00002e10    00000016                 : mult16_hw.obj (.text)
                  00002e26    00000014     telitcomm.obj (.text:ackOK)
                  00002e3a    00000014     telitcomm.obj (.text:ackSD)
                  00002e4e    00000014     rts430x.lib : memset.obj (.text:memset)
                  00002e62    00000012                 : sprintf.obj (.text:_outc)
                  00002e74    00000012     telitcomm.obj (.text:clearRXBuffer)
                  00002e86    00000012     main.obj (.text:disablePeriodic)
                  00002e98    00000012     rts430x.lib : memcpy.obj (.text:memcpy)
                  00002eaa    00000012                 : strlen.obj (.text:strlen)
                  00002ebc    00000010     main.obj (.text:enablePeriodic)
                  00002ecc    0000000e     main.obj (.text:configure_timer)
                  00002eda    0000000e     telitcomm.obj (.text:isRXBufferEmpty)
                  00002ee8    0000000a     main.obj (.text:closeTransmission)
                  00002ef2    0000000a     telitcomm.obj (.text:do_uninit)
                  00002efc    0000000a     rts430x.lib : lsl16.obj (.text)
                  00002f06    00000006     txrxlpfi2c.obj (.text:disableI2C)
                  00002f0c    00000006     mma8451q.obj (.text:mma8451qVector)
                  00002f12    00000004     rts430x.lib : pre_init.obj (.text:_system_pre_init)
                  00002f16    00000004                 : exit.obj (.text:abort)
                  00002f1a    00000004     telitcomm.obj (.text:ackNoOp)
                  00002f1e    00000002     rts430x.lib : _lock.obj (.text:_nop)
                  00002f20    00000002     defaultprocessor.obj (.text:thermistorProc)

.const     0    00002f22    00000177     
                  00002f22    0000013c     telitcomm.obj (.const:.string)
                  0000305e    00000014     rts430x.lib : _printfi_min.obj (.const:.string)
                  00003072    00000010     telitcomm.obj (.const:$P$T0$1)
                  00003082    00000008     telitcomm.obj (.const:$P$T1$2)
                  0000308a    00000006     telitcomm.obj (.const:$P$T2$3)
                  00003090    00000003     telitcomm.obj (.const:$P$T3$4)
                  00003093    00000001     --HOLE-- [fill = 0]
                  00003094    00000002     mma8451q.obj (.const:$P$T0$1)
                  00003096    00000002     mma8451q.obj (.const:$P$T1$2)
                  00003098    00000001     main.obj (.const)

.int16     0    0000ffe0    00000002     
                  0000ffe0    00000002     main.obj (.int16)

.int17     0    0000ffe2    00000002     
                  0000ffe2    00000002     main.obj (.int17)

.int20     0    0000ffe8    00000002     
                  0000ffe8    00000002     main.obj (.int20)

.int25     0    0000fff2    00000002     
                  0000fff2    00000002     telitcomm.obj (.int25)

.reset     0    0000fffe    00000002     
                  0000fffe    00000002     rts430x.lib : boot.obj (.reset)


GLOBAL SYMBOLS: SORTED ALPHABETICALLY BY Name 

address    name
--------   ----
00001100   .bss
ffffffff   .text
000001a0   ADC12CTL0
000001a2   ADC12CTL1
000001a6   ADC12IE
000001a4   ADC12IFG
000001a8   ADC12IV
00000080   ADC12MCTL0
00000081   ADC12MCTL1
0000008a   ADC12MCTL10
0000008b   ADC12MCTL11
0000008c   ADC12MCTL12
0000008d   ADC12MCTL13
0000008e   ADC12MCTL14
0000008f   ADC12MCTL15
00000082   ADC12MCTL2
00000083   ADC12MCTL3
00000084   ADC12MCTL4
00000085   ADC12MCTL5
00000086   ADC12MCTL6
00000087   ADC12MCTL7
00000088   ADC12MCTL8
00000089   ADC12MCTL9
00000140   ADC12MEM0
00000142   ADC12MEM1
00000154   ADC12MEM10
00000156   ADC12MEM11
00000158   ADC12MEM12
0000015a   ADC12MEM13
0000015c   ADC12MEM14
0000015e   ADC12MEM15
00000144   ADC12MEM2
00000146   ADC12MEM3
00000148   ADC12MEM4
0000014a   ADC12MEM5
0000014c   ADC12MEM6
0000014e   ADC12MEM7
00000150   ADC12MEM8
00000152   ADC12MEM9
00000046   BTCNT1
00000046   BTCNT12
00000047   BTCNT2
00000040   BTCTL
00002f16   C$$EXIT
00000059   CACTL1
0000005a   CACTL2
0000005b   CAPD
000001c0   DAC12_0CTL
000001c8   DAC12_0DAT
000001c2   DAC12_1CTL
000001ca   DAC12_1DAT
000001d0   DMA0CTL
000001d6   DMA0DA
000001d6   DMA0DAL
000001d2   DMA0SA
000001d2   DMA0SAL
000001da   DMA0SZ
000001dc   DMA1CTL
000001e2   DMA1DA
000001e2   DMA1DAL
000001de   DMA1SA
000001de   DMA1SAL
000001e6   DMA1SZ
000001e8   DMA2CTL
000001ee   DMA2DA
000001ee   DMA2DAL
000001ea   DMA2SA
000001ea   DMA2SAL
000001f2   DMA2SZ
00000122   DMACTL0
00000124   DMACTL1
00000126   DMAIV
00000128   FCTL1
0000012a   FCTL2
0000012c   FCTL3
00000053   FLL_CTL0
00000054   FLL_CTL1
00000000   IE1
00000001   IE2
00000002   IFG1
00000003   IFG2
00002efc   I_LSL
00000090   LCDACTL
000000ac   LCDAPCTL0
000000ad   LCDAPCTL1
000000ae   LCDAVCTL0
000000af   LCDAVCTL1
00000091   LCDM1
0000009a   LCDM10
0000009b   LCDM11
0000009c   LCDM12
0000009d   LCDM13
0000009e   LCDM14
0000009f   LCDM15
000000a0   LCDM16
000000a1   LCDM17
000000a2   LCDM18
000000a3   LCDM19
00000092   LCDM2
000000a4   LCDM20
00000093   LCDM3
00000094   LCDM4
00000095   LCDM5
00000096   LCDM6
00000097   LCDM7
00000098   LCDM8
00000099   LCDM9
00000134   MAC
00000136   MACS
00000005   ME2
00000130   MPY
00000132   MPYS
000000c0   OA0CTL0
000000c1   OA0CTL1
000000c2   OA1CTL0
000000c3   OA1CTL1
000000c4   OA2CTL0
000000c5   OA2CTL1
00000138   OP2
0000000d   P10DIR
00000009   P10IN
0000000b   P10OUT
0000000f   P10SEL
00000022   P1DIR
00000025   P1IE
00000024   P1IES
00000023   P1IFG
00000020   P1IN
00000021   P1OUT
00000026   P1SEL
0000002a   P2DIR
0000002d   P2IE
0000002c   P2IES
0000002b   P2IFG
00000028   P2IN
00000029   P2OUT
0000002e   P2SEL
0000001a   P3DIR
00000018   P3IN
00000019   P3OUT
0000001b   P3SEL
0000001e   P4DIR
0000001c   P4IN
0000001d   P4OUT
0000001f   P4SEL
00000032   P5DIR
00000030   P5IN
00000031   P5OUT
00000033   P5SEL
00000036   P6DIR
00000034   P6IN
00000035   P6OUT
00000037   P6SEL
0000003c   P7DIR
00000038   P7IN
0000003a   P7OUT
0000003e   P7SEL
0000003d   P8DIR
00000039   P8IN
0000003b   P8OUT
0000003f   P8SEL
0000000c   P9DIR
00000008   P9IN
0000000a   P9OUT
0000000e   P9SEL
0000003c   PADIR
00000038   PAIN
0000003a   PAOUT
0000003e   PASEL
0000000c   PBDIR
00000008   PBIN
0000000a   PBOUT
0000000e   PBSEL
000022c8   Port_1
00002306   Port_2
0000013c   RESHI
0000013a   RESLO
00000041   RTCCTL
0000004c   RTCDATE
0000004c   RTCDAY
0000004d   RTCMON
00000042   RTCNT1
00000043   RTCNT2
00000044   RTCNT3
00000045   RTCNT4
00000042   RTCTIM0
00000044   RTCTIM1
00000040   RTCTL
0000004e   RTCYEAR
0000004f   RTCYEARH
0000004e   RTCYEARL
00000050   SCFI0
00000051   SCFI1
00000052   SCFQCTL
0000013e   SUMEXT
00000056   SVSCTL
00000172   TACCR0
00000174   TACCR1
00000176   TACCR2
00000162   TACCTL0
00000164   TACCTL1
00000166   TACCTL2
00000160   TACTL
0000012e   TAIV
00000170   TAR
00000192   TBCCR0
00000194   TBCCR1
00000196   TBCCR2
00000198   TBCCR3
0000019a   TBCCR4
0000019c   TBCCR5
0000019e   TBCCR6
00000182   TBCCTL0
00000184   TBCCTL1
00000186   TBCCTL2
00000188   TBCCTL3
0000018a   TBCCTL4
0000018c   TBCCTL5
0000018e   TBCCTL6
00000180   TBCTL
0000011e   TBIV
00000190   TBR
0000007c   U1BR0
0000007d   U1BR1
00000078   U1CTL
0000007b   U1MCTL
0000007a   U1RCTL
0000007e   U1RXBUF
00000079   U1TCTL
0000007f   U1TXBUF
0000005d   UCA0ABCTL
00000062   UCA0BR0
00000063   UCA0BR1
00000060   UCA0CTL0
00000061   UCA0CTL1
0000005f   UCA0IRRCTL
0000005e   UCA0IRTCTL
00000064   UCA0MCTL
00000066   UCA0RXBUF
00000065   UCA0STAT
00000067   UCA0TXBUF
0000006a   UCB0BR0
0000006b   UCB0BR1
00000068   UCB0CTL0
00000069   UCB0CTL1
0000006c   UCB0I2CIE
00000118   UCB0I2COA
0000011a   UCB0I2CSA
0000006e   UCB0RXBUF
0000006d   UCB0STAT
0000006f   UCB0TXBUF
0000236e   USCIA0RX_ISR
00000120   WDTCTL
00002100   __STACK_END
00000050   __STACK_SIZE
00000001   __TI_args_main
00000001   __TI_auto_init
00000001   __TI_exit
ffffffff   __binit__
00001100   __bss__
ffffffff   __c_args__
00002100   __cinit__
00002dfa   __divu
00001a60   __end__
ffffffff   __etext__
00002e10   __mpyi_hw
ffffffff   __pinit__
00002dfa   __remu
ffffffff   __text__
000028a0   _auto_init
00002344   _c_int00
00002344   _c_int00_noexit
00001a58   _cleanup_ptr
00001a5c   _dtors_ptr
00001a50   _lock
00002f1e   _nop
00002498   _printfi_minimal
0000fffe   _reset_vector
000020b0   _stack
00002f12   _system_pre_init
00001a54   _unlock
00002f16   abort
00002f1a   ackNoOp
00002e26   ackOK
00002e3a   ackSD
000029e8   ackSGACT
00002d0e   ackSend
000025f6   attachInterrupt
00002286   basic_timer
00002a64   beginMMA8451Q
ffffffff   binit
00002100   cinit
00002e74   clearRXBuffer
00002ee8   closeTransmission
00002ecc   configure_timer
00001948   control_state
00001108   dataBuffer
00001906   dataPntr
00002b7c   detachInterrupt
00002f06   disableI2C
00002e86   disablePeriodic
000028e6   do_close
00002c6e   do_init
00002758   do_open
00002a26   do_reset
00002ef2   do_uninit
00002c98   enableI2C
00002ebc   enablePeriodic
00001a60   end
ffffffff   etext
00002676   executeMMA8451Q
00002bb0   executeProcs
00002d2e   flushTransmission
00002b10   getBuffer
00002ce8   getRXBufferChar
00002968   getResponse
00002d84   gprsClose
00002be4   gprsSend
00001996   gprs_state
000026f6   initMMA8451Q
00002aa0   initialize
00002eda   isRXBufferEmpty
00002d4e   logError
00002dce   main
00002cc0   memccpy
00002de4   memcmp
00002e98   memcpy
00002e4e   memset
00002b46   mma8451qProc
00002f0c   mma8451qVector
ffffffff   pinit
00001a48   procMap
00002db6   process_state
00002858   readI2C
00001a40   sctl1
00001a42   sctl2
00001a44   sctl4
00001a46   sctl5
00001100   second_intervals
000027b0   sendCmd
00002558   sendData
00001a3c   smode
00002ad8   sprintf
00001a3e   srnge
00002eaa   strlen
00002f20   thermistorProc
00001994   timedout
00001104   timeout
00001106   timeout_intervals
00001102   timermode
00001972   ucRXBuffer
00001993   ucReadIndex
00001992   ucWriteIndex
00001908   vectorMap
000029a8   writeI2C


GLOBAL SYMBOLS: SORTED BY Symbol Address 

address    name
--------   ----
00000000   IE1
00000001   IE2
00000001   __TI_args_main
00000001   __TI_auto_init
00000001   __TI_exit
00000002   IFG1
00000003   IFG2
00000005   ME2
00000008   P9IN
00000008   PBIN
00000009   P10IN
0000000a   P9OUT
0000000a   PBOUT
0000000b   P10OUT
0000000c   P9DIR
0000000c   PBDIR
0000000d   P10DIR
0000000e   P9SEL
0000000e   PBSEL
0000000f   P10SEL
00000018   P3IN
00000019   P3OUT
0000001a   P3DIR
0000001b   P3SEL
0000001c   P4IN
0000001d   P4OUT
0000001e   P4DIR
0000001f   P4SEL
00000020   P1IN
00000021   P1OUT
00000022   P1DIR
00000023   P1IFG
00000024   P1IES
00000025   P1IE
00000026   P1SEL
00000028   P2IN
00000029   P2OUT
0000002a   P2DIR
0000002b   P2IFG
0000002c   P2IES
0000002d   P2IE
0000002e   P2SEL
00000030   P5IN
00000031   P5OUT
00000032   P5DIR
00000033   P5SEL
00000034   P6IN
00000035   P6OUT
00000036   P6DIR
00000037   P6SEL
00000038   P7IN
00000038   PAIN
00000039   P8IN
0000003a   P7OUT
0000003a   PAOUT
0000003b   P8OUT
0000003c   P7DIR
0000003c   PADIR
0000003d   P8DIR
0000003e   P7SEL
0000003e   PASEL
0000003f   P8SEL
00000040   BTCTL
00000040   RTCTL
00000041   RTCCTL
00000042   RTCNT1
00000042   RTCTIM0
00000043   RTCNT2
00000044   RTCNT3
00000044   RTCTIM1
00000045   RTCNT4
00000046   BTCNT1
00000046   BTCNT12
00000047   BTCNT2
0000004c   RTCDATE
0000004c   RTCDAY
0000004d   RTCMON
0000004e   RTCYEAR
0000004e   RTCYEARL
0000004f   RTCYEARH
00000050   SCFI0
00000050   __STACK_SIZE
00000051   SCFI1
00000052   SCFQCTL
00000053   FLL_CTL0
00000054   FLL_CTL1
00000056   SVSCTL
00000059   CACTL1
0000005a   CACTL2
0000005b   CAPD
0000005d   UCA0ABCTL
0000005e   UCA0IRTCTL
0000005f   UCA0IRRCTL
00000060   UCA0CTL0
00000061   UCA0CTL1
00000062   UCA0BR0
00000063   UCA0BR1
00000064   UCA0MCTL
00000065   UCA0STAT
00000066   UCA0RXBUF
00000067   UCA0TXBUF
00000068   UCB0CTL0
00000069   UCB0CTL1
0000006a   UCB0BR0
0000006b   UCB0BR1
0000006c   UCB0I2CIE
0000006d   UCB0STAT
0000006e   UCB0RXBUF
0000006f   UCB0TXBUF
00000078   U1CTL
00000079   U1TCTL
0000007a   U1RCTL
0000007b   U1MCTL
0000007c   U1BR0
0000007d   U1BR1
0000007e   U1RXBUF
0000007f   U1TXBUF
00000080   ADC12MCTL0
00000081   ADC12MCTL1
00000082   ADC12MCTL2
00000083   ADC12MCTL3
00000084   ADC12MCTL4
00000085   ADC12MCTL5
00000086   ADC12MCTL6
00000087   ADC12MCTL7
00000088   ADC12MCTL8
00000089   ADC12MCTL9
0000008a   ADC12MCTL10
0000008b   ADC12MCTL11
0000008c   ADC12MCTL12
0000008d   ADC12MCTL13
0000008e   ADC12MCTL14
0000008f   ADC12MCTL15
00000090   LCDACTL
00000091   LCDM1
00000092   LCDM2
00000093   LCDM3
00000094   LCDM4
00000095   LCDM5
00000096   LCDM6
00000097   LCDM7
00000098   LCDM8
00000099   LCDM9
0000009a   LCDM10
0000009b   LCDM11
0000009c   LCDM12
0000009d   LCDM13
0000009e   LCDM14
0000009f   LCDM15
000000a0   LCDM16
000000a1   LCDM17
000000a2   LCDM18
000000a3   LCDM19
000000a4   LCDM20
000000ac   LCDAPCTL0
000000ad   LCDAPCTL1
000000ae   LCDAVCTL0
000000af   LCDAVCTL1
000000c0   OA0CTL0
000000c1   OA0CTL1
000000c2   OA1CTL0
000000c3   OA1CTL1
000000c4   OA2CTL0
000000c5   OA2CTL1
00000118   UCB0I2COA
0000011a   UCB0I2CSA
0000011e   TBIV
00000120   WDTCTL
00000122   DMACTL0
00000124   DMACTL1
00000126   DMAIV
00000128   FCTL1
0000012a   FCTL2
0000012c   FCTL3
0000012e   TAIV
00000130   MPY
00000132   MPYS
00000134   MAC
00000136   MACS
00000138   OP2
0000013a   RESLO
0000013c   RESHI
0000013e   SUMEXT
00000140   ADC12MEM0
00000142   ADC12MEM1
00000144   ADC12MEM2
00000146   ADC12MEM3
00000148   ADC12MEM4
0000014a   ADC12MEM5
0000014c   ADC12MEM6
0000014e   ADC12MEM7
00000150   ADC12MEM8
00000152   ADC12MEM9
00000154   ADC12MEM10
00000156   ADC12MEM11
00000158   ADC12MEM12
0000015a   ADC12MEM13
0000015c   ADC12MEM14
0000015e   ADC12MEM15
00000160   TACTL
00000162   TACCTL0
00000164   TACCTL1
00000166   TACCTL2
00000170   TAR
00000172   TACCR0
00000174   TACCR1
00000176   TACCR2
00000180   TBCTL
00000182   TBCCTL0
00000184   TBCCTL1
00000186   TBCCTL2
00000188   TBCCTL3
0000018a   TBCCTL4
0000018c   TBCCTL5
0000018e   TBCCTL6
00000190   TBR
00000192   TBCCR0
00000194   TBCCR1
00000196   TBCCR2
00000198   TBCCR3
0000019a   TBCCR4
0000019c   TBCCR5
0000019e   TBCCR6
000001a0   ADC12CTL0
000001a2   ADC12CTL1
000001a4   ADC12IFG
000001a6   ADC12IE
000001a8   ADC12IV
000001c0   DAC12_0CTL
000001c2   DAC12_1CTL
000001c8   DAC12_0DAT
000001ca   DAC12_1DAT
000001d0   DMA0CTL
000001d2   DMA0SA
000001d2   DMA0SAL
000001d6   DMA0DA
000001d6   DMA0DAL
000001da   DMA0SZ
000001dc   DMA1CTL
000001de   DMA1SA
000001de   DMA1SAL
000001e2   DMA1DA
000001e2   DMA1DAL
000001e6   DMA1SZ
000001e8   DMA2CTL
000001ea   DMA2SA
000001ea   DMA2SAL
000001ee   DMA2DA
000001ee   DMA2DAL
000001f2   DMA2SZ
00001100   .bss
00001100   __bss__
00001100   second_intervals
00001102   timermode
00001104   timeout
00001106   timeout_intervals
00001108   dataBuffer
00001906   dataPntr
00001908   vectorMap
00001948   control_state
00001972   ucRXBuffer
00001992   ucWriteIndex
00001993   ucReadIndex
00001994   timedout
00001996   gprs_state
00001a3c   smode
00001a3e   srnge
00001a40   sctl1
00001a42   sctl2
00001a44   sctl4
00001a46   sctl5
00001a48   procMap
00001a50   _lock
00001a54   _unlock
00001a58   _cleanup_ptr
00001a5c   _dtors_ptr
00001a60   __end__
00001a60   end
000020b0   _stack
00002100   __STACK_END
00002100   __cinit__
00002100   cinit
00002286   basic_timer
000022c8   Port_1
00002306   Port_2
00002344   _c_int00
00002344   _c_int00_noexit
0000236e   USCIA0RX_ISR
00002498   _printfi_minimal
00002558   sendData
000025f6   attachInterrupt
00002676   executeMMA8451Q
000026f6   initMMA8451Q
00002758   do_open
000027b0   sendCmd
00002858   readI2C
000028a0   _auto_init
000028e6   do_close
00002968   getResponse
000029a8   writeI2C
000029e8   ackSGACT
00002a26   do_reset
00002a64   beginMMA8451Q
00002aa0   initialize
00002ad8   sprintf
00002b10   getBuffer
00002b46   mma8451qProc
00002b7c   detachInterrupt
00002bb0   executeProcs
00002be4   gprsSend
00002c6e   do_init
00002c98   enableI2C
00002cc0   memccpy
00002ce8   getRXBufferChar
00002d0e   ackSend
00002d2e   flushTransmission
00002d4e   logError
00002d84   gprsClose
00002db6   process_state
00002dce   main
00002de4   memcmp
00002dfa   __divu
00002dfa   __remu
00002e10   __mpyi_hw
00002e26   ackOK
00002e3a   ackSD
00002e4e   memset
00002e74   clearRXBuffer
00002e86   disablePeriodic
00002e98   memcpy
00002eaa   strlen
00002ebc   enablePeriodic
00002ecc   configure_timer
00002eda   isRXBufferEmpty
00002ee8   closeTransmission
00002ef2   do_uninit
00002efc   I_LSL
00002f06   disableI2C
00002f0c   mma8451qVector
00002f12   _system_pre_init
00002f16   C$$EXIT
00002f16   abort
00002f1a   ackNoOp
00002f1e   _nop
00002f20   thermistorProc
0000fffe   _reset_vector
ffffffff   .text
ffffffff   __binit__
ffffffff   __c_args__
ffffffff   __etext__
ffffffff   __pinit__
ffffffff   __text__
ffffffff   binit
ffffffff   etext
ffffffff   pinit

[355 symbols]
