******************************************************************************
                  MSP430 Linker PC v4.0.0                      
******************************************************************************
>> Linked Wed Dec 07 22:06:26 2011

OUTPUT FILE NAME:   <TXRXLPF1.out>
ENTRY POINT SYMBOL: "_c_int00"  address: 000021be


MEMORY CONFIGURATION

         name            origin    length      used     unused   attr    fill
----------------------  --------  ---------  --------  --------  ----  --------
  SFR                   00000000   00000010  00000000  00000010  RWIX
  PERIPHERALS_8BIT      00000010   000000f0  00000000  000000f0  RWIX
  PERIPHERALS_16BIT     00000100   00000100  00000000  00000100  RWIX
  INFOB                 00001000   00000080  00000000  00000080  RWIX
  INFOA                 00001080   00000080  00000000  00000080  RWIX
  RAM                   00001100   00001000  000001e0  00000e20  RWIX
  FLASH                 00002100   0000dec0  00000615  0000d8ab  RWIX
  INT00                 0000ffc0   00000002  00000000  00000002  RWIX
  INT01                 0000ffc2   00000002  00000000  00000002  RWIX
  INT02                 0000ffc4   00000002  00000000  00000002  RWIX
  INT03                 0000ffc6   00000002  00000000  00000002  RWIX
  INT04                 0000ffc8   00000002  00000000  00000002  RWIX
  INT05                 0000ffca   00000002  00000000  00000002  RWIX
  INT06                 0000ffcc   00000002  00000000  00000002  RWIX
  INT07                 0000ffce   00000002  00000000  00000002  RWIX
  INT08                 0000ffd0   00000002  00000000  00000002  RWIX
  INT09                 0000ffd2   00000002  00000000  00000002  RWIX
  INT10                 0000ffd4   00000002  00000000  00000002  RWIX
  INT11                 0000ffd6   00000002  00000000  00000002  RWIX
  INT12                 0000ffd8   00000002  00000000  00000002  RWIX
  INT13                 0000ffda   00000002  00000000  00000002  RWIX
  INT14                 0000ffdc   00000002  00000000  00000002  RWIX
  INT15                 0000ffde   00000002  00000000  00000002  RWIX
  INT16                 0000ffe0   00000002  00000002  00000000  RWIX
  INT17                 0000ffe2   00000002  00000002  00000000  RWIX
  INT18                 0000ffe4   00000002  00000000  00000002  RWIX
  INT19                 0000ffe6   00000002  00000000  00000002  RWIX
  INT20                 0000ffe8   00000002  00000002  00000000  RWIX
  INT21                 0000ffea   00000002  00000000  00000002  RWIX
  INT22                 0000ffec   00000002  00000000  00000002  RWIX
  INT23                 0000ffee   00000002  00000000  00000002  RWIX
  INT24                 0000fff0   00000002  00000000  00000002  RWIX
  INT25                 0000fff2   00000002  00000002  00000000  RWIX
  INT26                 0000fff4   00000002  00000000  00000002  RWIX
  INT27                 0000fff6   00000002  00000000  00000002  RWIX
  INT28                 0000fff8   00000002  00000000  00000002  RWIX
  INT29                 0000fffa   00000002  00000000  00000002  RWIX
  INT30                 0000fffc   00000002  00000000  00000002  RWIX
  RESET                 0000fffe   00000002  00000002  00000000  RWIX
  FLASH2                00010000   00009000  00000000  00009000  RWIX


SECTION ALLOCATION MAP

 output                                  attributes/
section   page    origin      length       input sections
--------  ----  ----------  ----------   ----------------
.pinit     0    00002100    00000000     UNINITIALIZED

.bss       0    00001100    00000190     UNINITIALIZED
                  00001100    00000118     main.obj (.bss)
                  00001218    00000054     telitcomm.obj (.bss)
                  0000126c    0000000c     mma8451q.obj (.bss)
                  00001278    00000008     defaultprocessor.obj (.bss)
                  00001280    00000008     rts430x.lib : _lock.obj (.bss)
                  00001288    00000008                 : boot.obj (.bss)

.stack     0    000020b0    00000050     UNINITIALIZED
                  000020b0    00000002     rts430x.lib : boot.obj (.stack)
                  000020b2    0000004e     --HOLE--

.text:_isr 
*          0    00002100    00000108     
                  00002100    00000042     main.obj (.text:_isr:basic_timer)
                  00002142    0000003e     main.obj (.text:_isr:Port_1)
                  00002180    0000003e     main.obj (.text:_isr:Port_2)
                  000021be    0000002a     rts430x.lib : boot.obj (.text:_isr:_c_int00_noexit)
                  000021e8    00000020     telitcomm.obj (.text:_isr:USCIA0RX_ISR)

.cinit     0    00002208    00000070     
                  00002208    00000024     mma8451q.obj (.cinit)
                  0000222c    0000001f     telitcomm.obj (.cinit)
                  0000224b    00000001     --HOLE-- [fill = 0]
                  0000224c    0000001e     main.obj (.cinit)
                  0000226a    0000000c     defaultprocessor.obj (.cinit)
                  00002276    00000002     --HOLE-- [fill = 0]

.text      0    00002278    00000496     
                  00002278    00000080     main.obj (.text:attachInterrupt)
                  000022f8    00000062     mma8451q.obj (.text:initMMA8451Q)
                  0000235a    00000048     txrxlpfi2c.obj (.text:readI2C)
                  000023a2    00000046     rts430x.lib : autoinit.obj (.text:_auto_init)
                  000023e8    00000040     txrxlpfi2c.obj (.text:writeI2C)
                  00002428    0000003c     mma8451q.obj (.text:beginMMA8451Q)
                  00002464    00000038     main.obj (.text:initialize)
                  0000249c    00000036     main.obj (.text:getBuffer)
                  000024d2    00000034     main.obj (.text:detachInterrupt)
                  00002506    00000034     mma8451q.obj (.text:executeMMA8451Q)
                  0000253a    00000034     main.obj (.text:executeProcs)
                  0000256e    00000028     txrxlpfi2c.obj (.text:enableI2C)
                  00002596    00000028     telitcomm.obj (.text:gprsSend)
                  000025be    00000026     telitcomm.obj (.text:do_init)
                  000025e4    00000020     main.obj (.text:flushTransmission)
                  00002604    0000001e     telitcomm.obj (.text:sendData)
                  00002622    0000001c     main.obj (.text:logError)
                  0000263e    00000018     telitcomm.obj (.text:gprsClose)
                  00002656    00000018     main.obj (.text:process_state)
                  0000266e    00000016     main.obj (.text:main)
                  00002684    00000012     main.obj (.text:disablePeriodic)
                  00002696    00000012     rts430x.lib : memcpy.obj (.text:memcpy)
                  000026a8    00000012     defaultprocessor.obj (.text:mma8451qProc)
                  000026ba    00000010     main.obj (.text:enablePeriodic)
                  000026ca    0000000e     main.obj (.text:configure_timer)
                  000026d8    0000000a     main.obj (.text:closeTransmission)
                  000026e2    0000000a     rts430x.lib : lsl16.obj (.text)
                  000026ec    00000006     txrxlpfi2c.obj (.text:disableI2C)
                  000026f2    00000006     telitcomm.obj (.text:do_uninit)
                  000026f8    00000006     mma8451q.obj (.text:mma8451qVector)
                  000026fe    00000004     rts430x.lib : pre_init.obj (.text:_system_pre_init)
                  00002702    00000004                 : exit.obj (.text:abort)
                  00002706    00000004     telitcomm.obj (.text:do_open)
                  0000270a    00000002     rts430x.lib : _lock.obj (.text:_nop)
                  0000270c    00000002     defaultprocessor.obj (.text:thermistorProc)

.const     0    0000270e    00000007     
                  0000270e    00000004     telitcomm.obj (.const:.string)
                  00002712    00000002     mma8451q.obj (.const:$P$T0$1)
                  00002714    00000001     main.obj (.const)

.int16     0    0000ffe0    00000002     
                  0000ffe0    00000002     main.obj (.int16)

.int17     0    0000ffe2    00000002     
                  0000ffe2    00000002     main.obj (.int17)

.int20     0    0000ffe8    00000002     
                  0000ffe8    00000002     main.obj (.int20)

.int25     0    0000fff2    00000002     
                  0000fff2    00000002     telitcomm.obj (.int25)

.reset     0    0000fffe    00000002     
                  0000fffe    00000002     rts430x.lib : boot.obj (.reset)


GLOBAL SYMBOLS: SORTED ALPHABETICALLY BY Name 

address    name
--------   ----
00001100   .bss
ffffffff   .text
000001a0   ADC12CTL0
000001a2   ADC12CTL1
000001a6   ADC12IE
000001a4   ADC12IFG
000001a8   ADC12IV
00000080   ADC12MCTL0
00000081   ADC12MCTL1
0000008a   ADC12MCTL10
0000008b   ADC12MCTL11
0000008c   ADC12MCTL12
0000008d   ADC12MCTL13
0000008e   ADC12MCTL14
0000008f   ADC12MCTL15
00000082   ADC12MCTL2
00000083   ADC12MCTL3
00000084   ADC12MCTL4
00000085   ADC12MCTL5
00000086   ADC12MCTL6
00000087   ADC12MCTL7
00000088   ADC12MCTL8
00000089   ADC12MCTL9
00000140   ADC12MEM0
00000142   ADC12MEM1
00000154   ADC12MEM10
00000156   ADC12MEM11
00000158   ADC12MEM12
0000015a   ADC12MEM13
0000015c   ADC12MEM14
0000015e   ADC12MEM15
00000144   ADC12MEM2
00000146   ADC12MEM3
00000148   ADC12MEM4
0000014a   ADC12MEM5
0000014c   ADC12MEM6
0000014e   ADC12MEM7
00000150   ADC12MEM8
00000152   ADC12MEM9
00000046   BTCNT1
00000046   BTCNT12
00000047   BTCNT2
00000040   BTCTL
00002702   C$$EXIT
00000059   CACTL1
0000005a   CACTL2
0000005b   CAPD
000001c0   DAC12_0CTL
000001c8   DAC12_0DAT
000001c2   DAC12_1CTL
000001ca   DAC12_1DAT
000001d0   DMA0CTL
000001d6   DMA0DA
000001d6   DMA0DAL
000001d2   DMA0SA
000001d2   DMA0SAL
000001da   DMA0SZ
000001dc   DMA1CTL
000001e2   DMA1DA
000001e2   DMA1DAL
000001de   DMA1SA
000001de   DMA1SAL
000001e6   DMA1SZ
000001e8   DMA2CTL
000001ee   DMA2DA
000001ee   DMA2DAL
000001ea   DMA2SA
000001ea   DMA2SAL
000001f2   DMA2SZ
00000122   DMACTL0
00000124   DMACTL1
00000126   DMAIV
00000128   FCTL1
0000012a   FCTL2
0000012c   FCTL3
00000053   FLL_CTL0
00000054   FLL_CTL1
00000000   IE1
00000001   IE2
00000002   IFG1
00000003   IFG2
000026e2   I_LSL
00000090   LCDACTL
000000ac   LCDAPCTL0
000000ad   LCDAPCTL1
000000ae   LCDAVCTL0
000000af   LCDAVCTL1
00000091   LCDM1
0000009a   LCDM10
0000009b   LCDM11
0000009c   LCDM12
0000009d   LCDM13
0000009e   LCDM14
0000009f   LCDM15
000000a0   LCDM16
000000a1   LCDM17
000000a2   LCDM18
000000a3   LCDM19
00000092   LCDM2
000000a4   LCDM20
00000093   LCDM3
00000094   LCDM4
00000095   LCDM5
00000096   LCDM6
00000097   LCDM7
00000098   LCDM8
00000099   LCDM9
00000134   MAC
00000136   MACS
00000005   ME2
00000130   MPY
00000132   MPYS
000000c0   OA0CTL0
000000c1   OA0CTL1
000000c2   OA1CTL0
000000c3   OA1CTL1
000000c4   OA2CTL0
000000c5   OA2CTL1
00000138   OP2
0000000d   P10DIR
00000009   P10IN
0000000b   P10OUT
0000000f   P10SEL
00000022   P1DIR
00000025   P1IE
00000024   P1IES
00000023   P1IFG
00000020   P1IN
00000021   P1OUT
00000026   P1SEL
0000002a   P2DIR
0000002d   P2IE
0000002c   P2IES
0000002b   P2IFG
00000028   P2IN
00000029   P2OUT
0000002e   P2SEL
0000001a   P3DIR
00000018   P3IN
00000019   P3OUT
0000001b   P3SEL
0000001e   P4DIR
0000001c   P4IN
0000001d   P4OUT
0000001f   P4SEL
00000032   P5DIR
00000030   P5IN
00000031   P5OUT
00000033   P5SEL
00000036   P6DIR
00000034   P6IN
00000035   P6OUT
00000037   P6SEL
0000003c   P7DIR
00000038   P7IN
0000003a   P7OUT
0000003e   P7SEL
0000003d   P8DIR
00000039   P8IN
0000003b   P8OUT
0000003f   P8SEL
0000000c   P9DIR
00000008   P9IN
0000000a   P9OUT
0000000e   P9SEL
0000003c   PADIR
00000038   PAIN
0000003a   PAOUT
0000003e   PASEL
0000000c   PBDIR
00000008   PBIN
0000000a   PBOUT
0000000e   PBSEL
00002142   Port_1
00002180   Port_2
0000013c   RESHI
0000013a   RESLO
00000041   RTCCTL
0000004c   RTCDATE
0000004c   RTCDAY
0000004d   RTCMON
00000042   RTCNT1
00000043   RTCNT2
00000044   RTCNT3
00000045   RTCNT4
00000042   RTCTIM0
00000044   RTCTIM1
00000040   RTCTL
0000004e   RTCYEAR
0000004f   RTCYEARH
0000004e   RTCYEARL
00000050   SCFI0
00000051   SCFI1
00000052   SCFQCTL
0000013e   SUMEXT
00000056   SVSCTL
00000172   TACCR0
00000174   TACCR1
00000176   TACCR2
00000162   TACCTL0
00000164   TACCTL1
00000166   TACCTL2
00000160   TACTL
0000012e   TAIV
00000170   TAR
00000192   TBCCR0
00000194   TBCCR1
00000196   TBCCR2
00000198   TBCCR3
0000019a   TBCCR4
0000019c   TBCCR5
0000019e   TBCCR6
00000182   TBCCTL0
00000184   TBCCTL1
00000186   TBCCTL2
00000188   TBCCTL3
0000018a   TBCCTL4
0000018c   TBCCTL5
0000018e   TBCCTL6
00000180   TBCTL
0000011e   TBIV
00000190   TBR
0000007c   U1BR0
0000007d   U1BR1
00000078   U1CTL
0000007b   U1MCTL
0000007a   U1RCTL
0000007e   U1RXBUF
00000079   U1TCTL
0000007f   U1TXBUF
0000005d   UCA0ABCTL
00000062   UCA0BR0
00000063   UCA0BR1
00000060   UCA0CTL0
00000061   UCA0CTL1
0000005f   UCA0IRRCTL
0000005e   UCA0IRTCTL
00000064   UCA0MCTL
00000066   UCA0RXBUF
00000065   UCA0STAT
00000067   UCA0TXBUF
0000006a   UCB0BR0
0000006b   UCB0BR1
00000068   UCB0CTL0
00000069   UCB0CTL1
0000006c   UCB0I2CIE
00000118   UCB0I2COA
0000011a   UCB0I2CSA
0000006e   UCB0RXBUF
0000006d   UCB0STAT
0000006f   UCB0TXBUF
000021e8   USCIA0RX_ISR
00000120   WDTCTL
00002100   __STACK_END
00000050   __STACK_SIZE
00000001   __TI_args_main
00000001   __TI_auto_init
00000001   __TI_exit
ffffffff   __binit__
00001100   __bss__
ffffffff   __c_args__
00002208   __cinit__
00001290   __end__
ffffffff   __etext__
ffffffff   __pinit__
ffffffff   __text__
000023a2   _auto_init
000021be   _c_int00
000021be   _c_int00_noexit
00001288   _cleanup_ptr
0000128c   _dtors_ptr
00001280   _lock
0000270a   _nop
0000fffe   _reset_vector
000020b0   _stack
000026fe   _system_pre_init
00001284   _unlock
00002702   abort
00002278   attachInterrupt
00002100   basic_timer
00002428   beginMMA8451Q
ffffffff   binit
00002208   cinit
000026d8   closeTransmission
000026ca   configure_timer
00001216   control_state
00001108   dataBuffer
000011d4   dataPntr
000024d2   detachInterrupt
000026ec   disableI2C
00002684   disablePeriodic
000025be   do_init
00002706   do_open
000026f2   do_uninit
0000256e   enableI2C
000026ba   enablePeriodic
00001290   end
ffffffff   etext
00002506   executeMMA8451Q
0000253a   executeProcs
000025e4   flushTransmission
0000249c   getBuffer
0000263e   gprsClose
00002596   gprsSend
00001264   gprs_state
000022f8   initMMA8451Q
00002464   initialize
00002622   logError
0000266e   main
00002696   memcpy
000026a8   mma8451qProc
000026f8   mma8451qVector
ffffffff   pinit
00001278   procMap
00002656   process_state
0000235a   readI2C
00001218   resp
00001270   sctl1
00001272   sctl2
00001274   sctl4
00001276   sctl5
00001100   second_intervals
00002604   sendData
0000126c   srate
0000126e   srnge
0000270c   thermistorProc
00001262   timedout
00001104   timeout
00001106   timeout_intervals
00001102   timermode
00001240   ucRXBuffer
00001261   ucReadIndex
00001260   ucWriteIndex
000011d6   vectorMap
000023e8   writeI2C


GLOBAL SYMBOLS: SORTED BY Symbol Address 

address    name
--------   ----
00000000   IE1
00000001   IE2
00000001   __TI_args_main
00000001   __TI_auto_init
00000001   __TI_exit
00000002   IFG1
00000003   IFG2
00000005   ME2
00000008   P9IN
00000008   PBIN
00000009   P10IN
0000000a   P9OUT
0000000a   PBOUT
0000000b   P10OUT
0000000c   P9DIR
0000000c   PBDIR
0000000d   P10DIR
0000000e   P9SEL
0000000e   PBSEL
0000000f   P10SEL
00000018   P3IN
00000019   P3OUT
0000001a   P3DIR
0000001b   P3SEL
0000001c   P4IN
0000001d   P4OUT
0000001e   P4DIR
0000001f   P4SEL
00000020   P1IN
00000021   P1OUT
00000022   P1DIR
00000023   P1IFG
00000024   P1IES
00000025   P1IE
00000026   P1SEL
00000028   P2IN
00000029   P2OUT
0000002a   P2DIR
0000002b   P2IFG
0000002c   P2IES
0000002d   P2IE
0000002e   P2SEL
00000030   P5IN
00000031   P5OUT
00000032   P5DIR
00000033   P5SEL
00000034   P6IN
00000035   P6OUT
00000036   P6DIR
00000037   P6SEL
00000038   P7IN
00000038   PAIN
00000039   P8IN
0000003a   P7OUT
0000003a   PAOUT
0000003b   P8OUT
0000003c   P7DIR
0000003c   PADIR
0000003d   P8DIR
0000003e   P7SEL
0000003e   PASEL
0000003f   P8SEL
00000040   BTCTL
00000040   RTCTL
00000041   RTCCTL
00000042   RTCNT1
00000042   RTCTIM0
00000043   RTCNT2
00000044   RTCNT3
00000044   RTCTIM1
00000045   RTCNT4
00000046   BTCNT1
00000046   BTCNT12
00000047   BTCNT2
0000004c   RTCDATE
0000004c   RTCDAY
0000004d   RTCMON
0000004e   RTCYEAR
0000004e   RTCYEARL
0000004f   RTCYEARH
00000050   SCFI0
00000050   __STACK_SIZE
00000051   SCFI1
00000052   SCFQCTL
00000053   FLL_CTL0
00000054   FLL_CTL1
00000056   SVSCTL
00000059   CACTL1
0000005a   CACTL2
0000005b   CAPD
0000005d   UCA0ABCTL
0000005e   UCA0IRTCTL
0000005f   UCA0IRRCTL
00000060   UCA0CTL0
00000061   UCA0CTL1
00000062   UCA0BR0
00000063   UCA0BR1
00000064   UCA0MCTL
00000065   UCA0STAT
00000066   UCA0RXBUF
00000067   UCA0TXBUF
00000068   UCB0CTL0
00000069   UCB0CTL1
0000006a   UCB0BR0
0000006b   UCB0BR1
0000006c   UCB0I2CIE
0000006d   UCB0STAT
0000006e   UCB0RXBUF
0000006f   UCB0TXBUF
00000078   U1CTL
00000079   U1TCTL
0000007a   U1RCTL
0000007b   U1MCTL
0000007c   U1BR0
0000007d   U1BR1
0000007e   U1RXBUF
0000007f   U1TXBUF
00000080   ADC12MCTL0
00000081   ADC12MCTL1
00000082   ADC12MCTL2
00000083   ADC12MCTL3
00000084   ADC12MCTL4
00000085   ADC12MCTL5
00000086   ADC12MCTL6
00000087   ADC12MCTL7
00000088   ADC12MCTL8
00000089   ADC12MCTL9
0000008a   ADC12MCTL10
0000008b   ADC12MCTL11
0000008c   ADC12MCTL12
0000008d   ADC12MCTL13
0000008e   ADC12MCTL14
0000008f   ADC12MCTL15
00000090   LCDACTL
00000091   LCDM1
00000092   LCDM2
00000093   LCDM3
00000094   LCDM4
00000095   LCDM5
00000096   LCDM6
00000097   LCDM7
00000098   LCDM8
00000099   LCDM9
0000009a   LCDM10
0000009b   LCDM11
0000009c   LCDM12
0000009d   LCDM13
0000009e   LCDM14
0000009f   LCDM15
000000a0   LCDM16
000000a1   LCDM17
000000a2   LCDM18
000000a3   LCDM19
000000a4   LCDM20
000000ac   LCDAPCTL0
000000ad   LCDAPCTL1
000000ae   LCDAVCTL0
000000af   LCDAVCTL1
000000c0   OA0CTL0
000000c1   OA0CTL1
000000c2   OA1CTL0
000000c3   OA1CTL1
000000c4   OA2CTL0
000000c5   OA2CTL1
00000118   UCB0I2COA
0000011a   UCB0I2CSA
0000011e   TBIV
00000120   WDTCTL
00000122   DMACTL0
00000124   DMACTL1
00000126   DMAIV
00000128   FCTL1
0000012a   FCTL2
0000012c   FCTL3
0000012e   TAIV
00000130   MPY
00000132   MPYS
00000134   MAC
00000136   MACS
00000138   OP2
0000013a   RESLO
0000013c   RESHI
0000013e   SUMEXT
00000140   ADC12MEM0
00000142   ADC12MEM1
00000144   ADC12MEM2
00000146   ADC12MEM3
00000148   ADC12MEM4
0000014a   ADC12MEM5
0000014c   ADC12MEM6
0000014e   ADC12MEM7
00000150   ADC12MEM8
00000152   ADC12MEM9
00000154   ADC12MEM10
00000156   ADC12MEM11
00000158   ADC12MEM12
0000015a   ADC12MEM13
0000015c   ADC12MEM14
0000015e   ADC12MEM15
00000160   TACTL
00000162   TACCTL0
00000164   TACCTL1
00000166   TACCTL2
00000170   TAR
00000172   TACCR0
00000174   TACCR1
00000176   TACCR2
00000180   TBCTL
00000182   TBCCTL0
00000184   TBCCTL1
00000186   TBCCTL2
00000188   TBCCTL3
0000018a   TBCCTL4
0000018c   TBCCTL5
0000018e   TBCCTL6
00000190   TBR
00000192   TBCCR0
00000194   TBCCR1
00000196   TBCCR2
00000198   TBCCR3
0000019a   TBCCR4
0000019c   TBCCR5
0000019e   TBCCR6
000001a0   ADC12CTL0
000001a2   ADC12CTL1
000001a4   ADC12IFG
000001a6   ADC12IE
000001a8   ADC12IV
000001c0   DAC12_0CTL
000001c2   DAC12_1CTL
000001c8   DAC12_0DAT
000001ca   DAC12_1DAT
000001d0   DMA0CTL
000001d2   DMA0SA
000001d2   DMA0SAL
000001d6   DMA0DA
000001d6   DMA0DAL
000001da   DMA0SZ
000001dc   DMA1CTL
000001de   DMA1SA
000001de   DMA1SAL
000001e2   DMA1DA
000001e2   DMA1DAL
000001e6   DMA1SZ
000001e8   DMA2CTL
000001ea   DMA2SA
000001ea   DMA2SAL
000001ee   DMA2DA
000001ee   DMA2DAL
000001f2   DMA2SZ
00001100   .bss
00001100   __bss__
00001100   second_intervals
00001102   timermode
00001104   timeout
00001106   timeout_intervals
00001108   dataBuffer
000011d4   dataPntr
000011d6   vectorMap
00001216   control_state
00001218   resp
00001240   ucRXBuffer
00001260   ucWriteIndex
00001261   ucReadIndex
00001262   timedout
00001264   gprs_state
0000126c   srate
0000126e   srnge
00001270   sctl1
00001272   sctl2
00001274   sctl4
00001276   sctl5
00001278   procMap
00001280   _lock
00001284   _unlock
00001288   _cleanup_ptr
0000128c   _dtors_ptr
00001290   __end__
00001290   end
000020b0   _stack
00002100   __STACK_END
00002100   basic_timer
00002142   Port_1
00002180   Port_2
000021be   _c_int00
000021be   _c_int00_noexit
000021e8   USCIA0RX_ISR
00002208   __cinit__
00002208   cinit
00002278   attachInterrupt
000022f8   initMMA8451Q
0000235a   readI2C
000023a2   _auto_init
000023e8   writeI2C
00002428   beginMMA8451Q
00002464   initialize
0000249c   getBuffer
000024d2   detachInterrupt
00002506   executeMMA8451Q
0000253a   executeProcs
0000256e   enableI2C
00002596   gprsSend
000025be   do_init
000025e4   flushTransmission
00002604   sendData
00002622   logError
0000263e   gprsClose
00002656   process_state
0000266e   main
00002684   disablePeriodic
00002696   memcpy
000026a8   mma8451qProc
000026ba   enablePeriodic
000026ca   configure_timer
000026d8   closeTransmission
000026e2   I_LSL
000026ec   disableI2C
000026f2   do_uninit
000026f8   mma8451qVector
000026fe   _system_pre_init
00002702   C$$EXIT
00002702   abort
00002706   do_open
0000270a   _nop
0000270c   thermistorProc
0000fffe   _reset_vector
ffffffff   .text
ffffffff   __binit__
ffffffff   __c_args__
ffffffff   __etext__
ffffffff   __pinit__
ffffffff   __text__
ffffffff   binit
ffffffff   etext
ffffffff   pinit

[335 symbols]
